../Core/Src/stm32f1xx_hal_msp.c:63:6:HAL_MspInit	8	static
../Core/Src/stm32f1xx_hal_msp.c:85:6:HAL_ADC_MspInit	40	static
../Core/Src/stm32f1xx_hal_msp.c:137:6:HAL_ADC_MspDeInit	0	static
../Core/Src/stm32f1xx_hal_msp.c:182:6:HAL_I2C_MspInit	32	static
../Core/Src/stm32f1xx_hal_msp.c:218:6:HAL_I2C_MspDeInit	8	static
../Core/Src/stm32f1xx_hal_msp.c:249:6:HAL_TIM_Base_MspInit	16	static
../Core/Src/stm32f1xx_hal_msp.c:274:6:HAL_TIM_Base_MspDeInit	0	static
../Core/Src/stm32f1xx_hal_msp.c:299:6:HAL_UART_MspInit	32	static
../Core/Src/stm32f1xx_hal_msp.c:340:6:HAL_UART_MspDeInit	0	static
