../Core/Src/main.c:96:5:main	48	static
../Core/Src/main.c:151:6:SystemClock_Config	88	static
../Core/Src/main.c:198:13:MX_ADC1_Init	24	static
../Core/Src/main.c:245:13:MX_ADC2_Init	24	static
../Core/Src/main.c:292:13:MX_I2C1_Init	8	static
../Core/Src/main.c:326:13:MX_TIM3_Init	32	static
../Core/Src/main.c:371:13:MX_USART1_UART_Init	8	static
../Core/Src/main.c:404:13:MX_GPIO_Init	40	static
../Core/Src/main.c:444:6:HAL_TIM_PeriodElapsedCallback	16	static
../Core/Src/main.c:461:6:Error_Handler	4	static,ignoring_inline_asm
